2026-01-07T14:28:33.7818592Z Current runner version: '2.330.0'
2026-01-07T14:28:33.7841305Z ##[group]Runner Image Provisioner
2026-01-07T14:28:33.7842032Z Hosted Compute Agent
2026-01-07T14:28:33.7842546Z Version: 20251211.462
2026-01-07T14:28:33.7843057Z Commit: 6cbad8c2bb55d58165063d031ccabf57e2d2db61
2026-01-07T14:28:33.7843683Z Build Date: 2025-12-11T16:28:49Z
2026-01-07T14:28:33.7844283Z Worker ID: {922dc854-d93d-4cf6-a537-58c823830af7}
2026-01-07T14:28:33.7844864Z ##[endgroup]
2026-01-07T14:28:33.7845339Z ##[group]Operating System
2026-01-07T14:28:33.7845823Z Ubuntu
2026-01-07T14:28:33.7846238Z 24.04.3
2026-01-07T14:28:33.7846598Z LTS
2026-01-07T14:28:33.7847055Z ##[endgroup]
2026-01-07T14:28:33.7847483Z ##[group]Runner Image
2026-01-07T14:28:33.7847945Z Image: ubuntu-24.04
2026-01-07T14:28:33.7848435Z Version: 20251215.174.1
2026-01-07T14:28:33.7849288Z Included Software: https://github.com/actions/runner-images/blob/ubuntu24/20251215.174/images/ubuntu/Ubuntu2404-Readme.md
2026-01-07T14:28:33.7850861Z Image Release: https://github.com/actions/runner-images/releases/tag/ubuntu24%2F20251215.174
2026-01-07T14:28:33.7851696Z ##[endgroup]
2026-01-07T14:28:33.7852645Z ##[group]GITHUB_TOKEN Permissions
2026-01-07T14:28:33.7854455Z Contents: read
2026-01-07T14:28:33.7854894Z Metadata: read
2026-01-07T14:28:33.7855389Z Packages: read
2026-01-07T14:28:33.7855806Z ##[endgroup]
2026-01-07T14:28:33.7857702Z Secret source: Actions
2026-01-07T14:28:33.7858309Z Prepare workflow directory
2026-01-07T14:28:33.8255468Z Prepare all required actions
2026-01-07T14:28:33.8310715Z Getting action download info
2026-01-07T14:28:34.1539412Z Download action repository 'actions/checkout@v4' (SHA:34e114876b0b11c390a56381ad16ebd13914f8d5)
2026-01-07T14:28:34.2406486Z Download action repository 'actions/setup-go@v5' (SHA:40f1582b2485089dde7abd97c1529aa768e1baff)
2026-01-07T14:28:34.7391740Z Complete job name: test
2026-01-07T14:28:34.7979920Z ##[group]Run actions/checkout@v4
2026-01-07T14:28:34.7981190Z with:
2026-01-07T14:28:34.7981603Z   repository: blycr/msp
2026-01-07T14:28:34.7982319Z   token: ***
2026-01-07T14:28:34.7982741Z   ssh-strict: true
2026-01-07T14:28:34.7983155Z   ssh-user: git
2026-01-07T14:28:34.7983599Z   persist-credentials: true
2026-01-07T14:28:34.7984040Z   clean: true
2026-01-07T14:28:34.7984465Z   sparse-checkout-cone-mode: true
2026-01-07T14:28:34.7984911Z   fetch-depth: 1
2026-01-07T14:28:34.7985343Z   fetch-tags: false
2026-01-07T14:28:34.7985747Z   show-progress: true
2026-01-07T14:28:34.7986182Z   lfs: false
2026-01-07T14:28:34.7986568Z   submodules: false
2026-01-07T14:28:34.7986991Z   set-safe-directory: true
2026-01-07T14:28:34.7987676Z ##[endgroup]
2026-01-07T14:28:34.9108041Z Syncing repository: blycr/msp
2026-01-07T14:28:34.9109731Z ##[group]Getting Git version info
2026-01-07T14:28:34.9110645Z Working directory is '/home/runner/work/msp/msp'
2026-01-07T14:28:34.9111780Z [command]/usr/bin/git version
2026-01-07T14:28:35.2544394Z git version 2.52.0
2026-01-07T14:28:35.2571189Z ##[endgroup]
2026-01-07T14:28:35.2585746Z Temporarily overriding HOME='/home/runner/work/_temp/c6ed90b2-37a5-4ded-b4d0-aabcbc8c7b95' before making global git config changes
2026-01-07T14:28:35.2588197Z Adding repository directory to the temporary git global config as a safe directory
2026-01-07T14:28:35.2599413Z [command]/usr/bin/git config --global --add safe.directory /home/runner/work/msp/msp
2026-01-07T14:28:35.2634649Z Deleting the contents of '/home/runner/work/msp/msp'
2026-01-07T14:28:35.2637599Z ##[group]Initializing the repository
2026-01-07T14:28:35.2641495Z [command]/usr/bin/git init /home/runner/work/msp/msp
2026-01-07T14:28:35.2925558Z hint: Using 'master' as the name for the initial branch. This default branch name
2026-01-07T14:28:35.2927481Z hint: will change to "main" in Git 3.0. To configure the initial branch name
2026-01-07T14:28:35.2929427Z hint: to use in all of your new repositories, which will suppress this warning,
2026-01-07T14:28:35.2930681Z hint: call:
2026-01-07T14:28:35.2931336Z hint:
2026-01-07T14:28:35.2932343Z hint: 	git config --global init.defaultBranch <name>
2026-01-07T14:28:35.2933356Z hint:
2026-01-07T14:28:35.2934101Z hint: Names commonly chosen instead of 'master' are 'main', 'trunk' and
2026-01-07T14:28:35.2935237Z hint: 'development'. The just-created branch can be renamed via this command:
2026-01-07T14:28:35.2936114Z hint:
2026-01-07T14:28:35.2936650Z hint: 	git branch -m <name>
2026-01-07T14:28:35.2937316Z hint:
2026-01-07T14:28:35.2938361Z hint: Disable this message with "git config set advice.defaultBranchName false"
2026-01-07T14:28:35.2939509Z Initialized empty Git repository in /home/runner/work/msp/msp/.git/
2026-01-07T14:28:35.2941301Z [command]/usr/bin/git remote add origin https://github.com/blycr/msp
2026-01-07T14:28:35.2966511Z ##[endgroup]
2026-01-07T14:28:35.2967323Z ##[group]Disabling automatic garbage collection
2026-01-07T14:28:35.2970466Z [command]/usr/bin/git config --local gc.auto 0
2026-01-07T14:28:35.2993966Z ##[endgroup]
2026-01-07T14:28:35.2994729Z ##[group]Setting up auth
2026-01-07T14:28:35.2999919Z [command]/usr/bin/git config --local --name-only --get-regexp core\.sshCommand
2026-01-07T14:28:35.3026920Z [command]/usr/bin/git submodule foreach --recursive sh -c "git config --local --name-only --get-regexp 'core\.sshCommand' && git config --local --unset-all 'core.sshCommand' || :"
2026-01-07T14:28:35.3305271Z [command]/usr/bin/git config --local --name-only --get-regexp http\.https\:\/\/github\.com\/\.extraheader
2026-01-07T14:28:35.3328626Z [command]/usr/bin/git submodule foreach --recursive sh -c "git config --local --name-only --get-regexp 'http\.https\:\/\/github\.com\/\.extraheader' && git config --local --unset-all 'http.https://github.com/.extraheader' || :"
2026-01-07T14:28:35.3494795Z [command]/usr/bin/git config --local --name-only --get-regexp ^includeIf\.gitdir:
2026-01-07T14:28:35.3518243Z [command]/usr/bin/git submodule foreach --recursive git config --local --show-origin --name-only --get-regexp remote.origin.url
2026-01-07T14:28:35.3704803Z [command]/usr/bin/git config --local http.https://github.com/.extraheader AUTHORIZATION: basic ***
2026-01-07T14:28:35.3731012Z ##[endgroup]
2026-01-07T14:28:35.3731859Z ##[group]Fetching the repository
2026-01-07T14:28:35.3738218Z [command]/usr/bin/git -c protocol.version=2 fetch --no-tags --prune --no-recurse-submodules --depth=1 origin +1bb38c0c242eb0c6b9bb047bfdb5f0593e554154:refs/remotes/origin/main
2026-01-07T14:28:35.6391327Z From https://github.com/blycr/msp
2026-01-07T14:28:35.6392958Z  * [new ref]         1bb38c0c242eb0c6b9bb047bfdb5f0593e554154 -> origin/main
2026-01-07T14:28:35.6416932Z ##[endgroup]
2026-01-07T14:28:35.6418621Z ##[group]Determining the checkout info
2026-01-07T14:28:35.6420425Z ##[endgroup]
2026-01-07T14:28:35.6422650Z [command]/usr/bin/git sparse-checkout disable
2026-01-07T14:28:35.6455742Z [command]/usr/bin/git config --local --unset-all extensions.worktreeConfig
2026-01-07T14:28:35.6476014Z ##[group]Checking out the ref
2026-01-07T14:28:35.6478974Z [command]/usr/bin/git checkout --progress --force -B main refs/remotes/origin/main
2026-01-07T14:28:35.6561315Z Switched to a new branch 'main'
2026-01-07T14:28:35.6562996Z branch 'main' set up to track 'origin/main'.
2026-01-07T14:28:35.6567957Z ##[endgroup]
2026-01-07T14:28:35.6595112Z [command]/usr/bin/git log -1 --format=%H
2026-01-07T14:28:35.6612792Z 1bb38c0c242eb0c6b9bb047bfdb5f0593e554154
2026-01-07T14:28:35.6985094Z ##[group]Run actions/setup-go@v5
2026-01-07T14:28:35.6986141Z with:
2026-01-07T14:28:35.6986893Z   go-version: 1.22
2026-01-07T14:28:35.6987731Z   check-latest: false
2026-01-07T14:28:35.6988886Z   token: ***
2026-01-07T14:28:35.6989651Z   cache: true
2026-01-07T14:28:35.6990697Z ##[endgroup]
2026-01-07T14:28:35.8537201Z Setup go version spec 1.22
2026-01-07T14:28:35.8607713Z Found in cache @ /opt/hostedtoolcache/go/1.22.12/x64
2026-01-07T14:28:35.8610834Z Added go to the path
2026-01-07T14:28:35.8614743Z Successfully set up Go version 1.22
2026-01-07T14:28:40.8264241Z go: downloading go1.24.0 (linux/amd64)
2026-01-07T14:28:40.8388324Z [command]/opt/hostedtoolcache/go/1.22.12/x64/bin/go env GOMODCACHE
2026-01-07T14:28:40.8414567Z [command]/opt/hostedtoolcache/go/1.22.12/x64/bin/go env GOCACHE
2026-01-07T14:28:40.8482737Z /home/runner/go/pkg/mod
2026-01-07T14:28:40.8505319Z /home/runner/.cache/go-build
2026-01-07T14:28:40.9996582Z Cache is not found
2026-01-07T14:28:41.0021692Z go version go1.24.0 linux/amd64
2026-01-07T14:28:41.0021909Z 
2026-01-07T14:28:41.0022234Z ##[group]go env
2026-01-07T14:28:41.1194348Z AR='ar'
2026-01-07T14:28:41.1194738Z CC='gcc'
2026-01-07T14:28:41.1195007Z CGO_CFLAGS='-O2 -g'
2026-01-07T14:28:41.1195321Z CGO_CPPFLAGS=''
2026-01-07T14:28:41.1195616Z CGO_CXXFLAGS='-O2 -g'
2026-01-07T14:28:41.1195929Z CGO_ENABLED='1'
2026-01-07T14:28:41.1196261Z CGO_FFLAGS='-O2 -g'
2026-01-07T14:28:41.1196553Z CGO_LDFLAGS='-O2 -g'
2026-01-07T14:28:41.1196864Z CXX='g++'
2026-01-07T14:28:41.1197118Z GCCGO='gccgo'
2026-01-07T14:28:41.1197398Z GO111MODULE=''
2026-01-07T14:28:41.1197684Z GOAMD64='v1'
2026-01-07T14:28:41.1197950Z GOARCH='amd64'
2026-01-07T14:28:41.1198317Z GOAUTH='netrc'
2026-01-07T14:28:41.1198611Z GOBIN=''
2026-01-07T14:28:41.1198937Z GOCACHE='/home/runner/.cache/go-build'
2026-01-07T14:28:41.1199355Z GOCACHEPROG=''
2026-01-07T14:28:41.1199630Z GODEBUG=''
2026-01-07T14:28:41.1200018Z GOENV='/home/runner/.config/go/env'
2026-01-07T14:28:41.1200625Z GOEXE=''
2026-01-07T14:28:41.1201022Z GOEXPERIMENT=''
2026-01-07T14:28:41.1201355Z GOFIPS140='off'
2026-01-07T14:28:41.1201682Z GOFLAGS=''
2026-01-07T14:28:41.1202651Z GOGCCFLAGS='-fPIC -m64 -pthread -Wl,--no-gc-sections -fmessage-length=0 -ffile-prefix-map=/tmp/go-build990755651=/tmp/go-build -gno-record-gcc-switches'
2026-01-07T14:28:41.1203631Z GOHOSTARCH='amd64'
2026-01-07T14:28:41.1203925Z GOHOSTOS='linux'
2026-01-07T14:28:41.1204196Z GOINSECURE=''
2026-01-07T14:28:41.1204566Z GOMOD='/home/runner/work/msp/msp/go.mod'
2026-01-07T14:28:41.1204998Z GOMODCACHE='/home/runner/go/pkg/mod'
2026-01-07T14:28:41.1205363Z GONOPROXY=''
2026-01-07T14:28:41.1205643Z GONOSUMDB=''
2026-01-07T14:28:41.1205894Z GOOS='linux'
2026-01-07T14:28:41.1206210Z GOPATH='/home/runner/go'
2026-01-07T14:28:41.1206503Z GOPRIVATE=''
2026-01-07T14:28:41.1207109Z GOPROXY='https://proxy.golang.org,direct'
2026-01-07T14:28:41.1207813Z GOROOT='/home/runner/go/pkg/mod/golang.org/toolchain@v0.0.1-go1.24.0.linux-amd64'
2026-01-07T14:28:41.1208535Z GOSUMDB='sum.golang.org'
2026-01-07T14:28:41.1208898Z GOTELEMETRY='local'
2026-01-07T14:28:41.1209318Z GOTELEMETRYDIR='/home/runner/.config/go/telemetry'
2026-01-07T14:28:41.1209830Z GOTMPDIR=''
2026-01-07T14:28:41.1210299Z GOTOOLCHAIN='auto'
2026-01-07T14:28:41.1211095Z GOTOOLDIR='/home/runner/go/pkg/mod/golang.org/toolchain@v0.0.1-go1.24.0.linux-amd64/pkg/tool/linux_amd64'
2026-01-07T14:28:41.1211933Z GOVCS=''
2026-01-07T14:28:41.1212245Z GOVERSION='go1.24.0'
2026-01-07T14:28:41.1212576Z GOWORK=''
2026-01-07T14:28:41.1212851Z PKG_CONFIG='pkg-config'
2026-01-07T14:28:41.1213055Z 
2026-01-07T14:28:41.1213584Z ##[endgroup]
2026-01-07T14:28:41.1293873Z ##[group]Run go test -v ./...
2026-01-07T14:28:41.1294246Z [36;1mgo test -v ./...[0m
2026-01-07T14:28:41.1320483Z shell: /usr/bin/bash -e {0}
2026-01-07T14:28:41.1320764Z ##[endgroup]
2026-01-07T14:28:41.1520638Z go: downloading modernc.org/sqlite v1.42.2
2026-01-07T14:28:43.5960559Z go: downloading golang.org/x/sys v0.36.0
2026-01-07T14:28:43.5961178Z go: downloading modernc.org/libc v1.66.10
2026-01-07T14:28:44.8721839Z go: downloading modernc.org/mathutil v1.7.1
2026-01-07T14:28:44.8722650Z go: downloading golang.org/x/exp v0.0.0-20250620022241-b7579e27df2b
2026-01-07T14:28:44.8723355Z go: downloading github.com/google/uuid v1.6.0
2026-01-07T14:28:44.8724004Z go: downloading github.com/dustin/go-humanize v1.0.1
2026-01-07T14:28:44.8870747Z go: downloading modernc.org/memory v1.11.0
2026-01-07T14:28:44.8996653Z go: downloading github.com/remyoudompheng/bigfft v0.0.0-20230129092748-24d4a6f8daec
2026-01-07T14:28:45.0154837Z # msp/cmd/msp
2026-01-07T14:28:45.0191973Z ##[error]web/embed.go:5:12: pattern dist: no matching files found
2026-01-07T14:28:45.0201960Z FAIL	msp/cmd/msp [setup failed]
2026-01-07T14:28:45.0284407Z # msp/web
2026-01-07T14:28:45.0284751Z FAIL	msp/web [setup failed]
2026-01-07T14:28:45.0285988Z ##[error]web/embed.go:5:12: pattern dist: no matching files found
2026-01-07T14:28:49.5643036Z ?   	msp/internal/config	[no test files]
2026-01-07T14:29:08.5823222Z ?   	msp/internal/db	[no test files]
2026-01-07T14:29:08.8748800Z ?   	msp/internal/handler	[no test files]
2026-01-07T14:29:09.1379698Z === RUN   TestClassifyExt
2026-01-07T14:29:09.1380240Z --- PASS: TestClassifyExt (0.00s)
2026-01-07T14:29:09.1380656Z === RUN   TestIsBlockedSize
2026-01-07T14:29:09.1380937Z --- PASS: TestIsBlockedSize (0.00s)
2026-01-07T14:29:09.1381270Z === RUN   TestIsBlockedString
2026-01-07T14:29:09.1381685Z --- PASS: TestIsBlockedString (0.00s)
2026-01-07T14:29:09.1381918Z PASS
2026-01-07T14:29:09.1382098Z ok  	msp/internal/media	0.002s
2026-01-07T14:29:09.1382377Z ?   	msp/internal/server	[no test files]
2026-01-07T14:29:09.1382638Z ?   	msp/internal/types	[no test files]
2026-01-07T14:29:09.1407973Z === RUN   TestEncodeDecodeID
2026-01-07T14:29:09.1408463Z --- PASS: TestEncodeDecodeID (0.00s)
2026-01-07T14:29:09.1408900Z === RUN   TestNormalizePath
2026-01-07T14:29:09.1409285Z --- PASS: TestNormalizePath (0.00s)
2026-01-07T14:29:09.1409681Z === RUN   TestParseSize
2026-01-07T14:29:09.1410029Z --- PASS: TestParseSize (0.00s)
2026-01-07T14:29:09.1410575Z PASS
2026-01-07T14:29:09.1410862Z ok  	msp/internal/util	0.002s
2026-01-07T14:29:09.1411264Z ?   	msp/internal/web	[no test files]
2026-01-07T14:29:09.1411627Z FAIL
2026-01-07T14:29:09.1806069Z ##[error]Process completed with exit code 1.
2026-01-07T14:29:09.1908583Z Post job cleanup.
2026-01-07T14:29:09.2778556Z [command]/usr/bin/git version
2026-01-07T14:29:09.2811871Z git version 2.52.0
2026-01-07T14:29:09.2849629Z Temporarily overriding HOME='/home/runner/work/_temp/f7d40bd5-44c0-4978-8fc0-d65a3094b1eb' before making global git config changes
2026-01-07T14:29:09.2850978Z Adding repository directory to the temporary git global config as a safe directory
2026-01-07T14:29:09.2863373Z [command]/usr/bin/git config --global --add safe.directory /home/runner/work/msp/msp
2026-01-07T14:29:09.2893623Z [command]/usr/bin/git config --local --name-only --get-regexp core\.sshCommand
2026-01-07T14:29:09.2921507Z [command]/usr/bin/git submodule foreach --recursive sh -c "git config --local --name-only --get-regexp 'core\.sshCommand' && git config --local --unset-all 'core.sshCommand' || :"
2026-01-07T14:29:09.3100869Z [command]/usr/bin/git config --local --name-only --get-regexp http\.https\:\/\/github\.com\/\.extraheader
2026-01-07T14:29:09.3117372Z http.https://github.com/.extraheader
2026-01-07T14:29:09.3127457Z [command]/usr/bin/git config --local --unset-all http.https://github.com/.extraheader
2026-01-07T14:29:09.3151641Z [command]/usr/bin/git submodule foreach --recursive sh -c "git config --local --name-only --get-regexp 'http\.https\:\/\/github\.com\/\.extraheader' && git config --local --unset-all 'http.https://github.com/.extraheader' || :"
2026-01-07T14:29:09.3317274Z [command]/usr/bin/git config --local --name-only --get-regexp ^includeIf\.gitdir:
2026-01-07T14:29:09.3342342Z [command]/usr/bin/git submodule foreach --recursive git config --local --show-origin --name-only --get-regexp remote.origin.url
2026-01-07T14:29:09.3622829Z Cleaning up orphan processes
